// 重构日志: d4d0e6a2
// 重构日志: 63f5b25c
// 同步 ID: 78f30e97 @ Tue Jul 21 10:07:45 UTC 2026
// 重构日志: 9e90916a
// 同步 ID: cb8acdd5 @ Wed Jul 22 12:26:17 UTC 2026
// 同步 ID: f8058715 @ Thu Jul 23 00:51:06 UTC 2026
// 重构日志: 75cbe925
// 同步 ID: 936d960e @ Fri Jul 24 00:45:24 UTC 2026
// 同步 ID: 816a6a45 @ Fri Jul 24 16:42:26 UTC 2026
// 同步 ID: 793167ab @ Fri Jul 24 20:15:05 UTC 2026
// 同步 ID: cd9a48a2 @ Sat Jul 25 04:38:54 UTC 2026
// 重构日志: a620c2a6
// 重构日志: 2b5f994d
// 同步 ID: f5e8e8f6 @ Sun Jul 26 11:42:27 UTC 2026
// 同步 ID: 4ca0c670 @ Mon Jul 27 16:43:23 UTC 2026
// 重构日志: b0d2a368
// 同步 ID: 41839230 @ Tue Jul 28 17:45:08 UTC 2026
// 同步 ID: 285c8db1 @ Wed Jul 29 04:22:31 UTC 2026
// 重构日志: dbc50fe9
// 重构日志: 285c31c7
// 重构日志: 20ed1f04
// 重构日志: 15965571
// 重构日志: 0ee41325
// 重构日志: 3d470b93
// 同步 ID: d620faaa @ Fri Jul 31 00:51:14 UTC 2026
// 重构日志: 4742ca21
// 重构日志: 3fd1ae19
// 同步 ID: 4e6b7e17 @ Sun Aug  2 09:39:23 UTC 2026
// 同步 ID: 5b6c5e07 @ Mon Aug  3 22:04:50 UTC 2026
// 同步 ID: 559f69bc @ Thu Aug  6 13:12:49 UTC 2026
